**********************
Windows PowerShell transcript start
Start time: 20260430121105
Username: DCCPL0442\Keshav Shouri
RunAs User: DCCPL0442\Keshav Shouri
Configuration Name: 
Machine: DCCPL0442 (Microsoft Windows NT 6.2.9200.0)
Host Application: C:\Program Files (x86)\Camstar\Industry Solutions\IndustrySolutionsInstaller.exe
Process ID: 344
PSVersion: 5.1.26100.8115
PSEdition: Desktop
PSCompatibleVersions: 1.0, 2.0, 3.0, 4.0, 5.0, 5.1.26100.8115
BuildVersion: 10.0.26100.8115
CLRVersion: 4.0.30319.42000
WSManStackVersion: 3.0
PSRemotingProtocolVersion: 2.3
SerializationVersion: 1.1.0.1
**********************
INFO: 
Beginning Industry Solutions Installation...
INFO: Mode: Full Install, ReplaceMetadata: True, DBUpdate: True
INFO: 
Workspace CIO will be installed
INFO: 
Workspace Industry will be installed
INFO: 
Workspace Batch Processing will be installed
INFO: 
Replace MetaData
INFO: 
Replace workspace: CIO Industry Batch Processing
INFO: 
Replace workspace: CIO Industry Batch Processing
INFO: 
Replace workspace: CIO Industry Batch Processing
INFO: 
Replace workspace comple
INFO: Move Code Behind files
INFO: Installing workspace: CIO
INFO: Copy files from folder: C:\Program Files (x86)\Camstar\Industry Solutions\CIO\Plugins\*
INFO: Copy to folder: C:\Program Files (x86)\Camstar\InSite Server
PS>TerminatingError(Copy-Item): "The process cannot access the file 'C:\Program Files (x86)\Camstar\InSite Server\Camstar.AppServer.BusinessLogic.CustomProcImpl.dll' because it is being used by another process."
Write-LogError : Error: The process cannot access the file 'C:\Program Files (x86)\Camstar\InSite 
Server\Camstar.AppServer.BusinessLogic.CustomProcImpl.dll' because it is being used by another process.
At C:\Program Files (x86)\Camstar\Industry Solutions\IndustrySolutionsInstaller_PwrShl_Script.ps1:584 char:5
+                 Write-LogError("`Error: $ErrorMessage")
+                 ~~~~~~~~~~~~~~~~~~~~~~~~~~~~~~~~~~~~~~~
    + CategoryInfo          : NotSpecified: (:) [Write-Error], WriteErrorException
    + FullyQualifiedErrorId : Microsoft.PowerShell.Commands.WriteErrorException,Write-LogError
INFO: Register assembly and generate TLB
cmd.exe : RegAsm : error RA0000 : Unable to locate input assembly 'C:\Program Files (x86)\Camstar\InSite 
Server\CIOPluginHandler.dll' or one of its dependencies.
At C:\Program Files (x86)\Camstar\Industry Solutions\IndustrySolutionsInstaller_PwrShl_Script.ps1:593 char:17
+                 & cmd /c $regsvr /s $CIOPluginHandler /tlb /codebase
+                 ~~~~~~~~~~~~~~~~~~~~~~~~~~~~~~~~~~~~~~~~~~~~~~~~~~~~
    + CategoryInfo          : NotSpecified: (RegAsm : error ...s dependencies.:String) [], RemoteException
    + FullyQualifiedErrorId : NativeCommandError
Write-LogError : "Registration of C:\Program Files (x86)\Camstar\InSite Server\CIOPluginHandler.dll failed. (100)
At C:\Program Files (x86)\Camstar\Industry Solutions\IndustrySolutionsInstaller_PwrShl_Script.ps1:597 char:17
+ ...             Write-LogError("`"Registration of $CIOPluginHandler faile ...
+                 ~~~~~~~~~~~~~~~~~~~~~~~~~~~~~~~~~~~~~~~~~~~~~~~~~~~~~~~~~
    + CategoryInfo          : NotSpecified: (:) [Write-Error], WriteErrorException
    + FullyQualifiedErrorId : Microsoft.PowerShell.Commands.WriteErrorException,Write-LogError
INFO: NOT Removing file: C:\Program Files (x86)\Camstar\Industry Solutions\Industry\Camstar Portal\App_Code\Helpers\isDocumentService.cs
INFO: NOT Removing file: C:\Program Files (x86)\Camstar\Industry Solutions\Industry\Camstar Portal\App_Code\Modeling\isImageMaint.cs
INFO: NOT Removing file: C:\Program Files (x86)\Camstar\Industry Solutions\Industry\Camstar Portal\App_Code\Modeling\isAttachImageHelper.cs
INFO: NOT Removing file: C:\Program Files (x86)\Camstar\Industry Solutions\Industry\Camstar Portal\App_Code\Shopfloor\isCurrentDefect.cs
INFO: NOT Removing file: C:\Program Files (x86)\Camstar\Industry Solutions\Industry\Camstar Portal\App_Code\Shopfloor\isDefect.cs
INFO: Installing workspace: Industry
INFO: NOT Removing file: C:\Program Files (x86)\Camstar\Industry Solutions\Industry\Camstar Portal\App_Code\Helpers\isDocumentService.cs
INFO: NOT Removing file: C:\Program Files (x86)\Camstar\Industry Solutions\Industry\Camstar Portal\App_Code\Modeling\isImageMaint.cs
INFO: NOT Removing file: C:\Program Files (x86)\Camstar\Industry Solutions\Industry\Camstar Portal\App_Code\Modeling\isAttachImageHelper.cs
INFO: NOT Removing file: C:\Program Files (x86)\Camstar\Industry Solutions\Industry\Camstar Portal\App_Code\Shopfloor\isCurrentDefect.cs
INFO: NOT Removing file: C:\Program Files (x86)\Camstar\Industry Solutions\Industry\Camstar Portal\App_Code\Shopfloor\isDefect.cs
INFO: NOT Removing file: C:\Program Files (x86)\Camstar\Camstar Portal\App_Code\WebPortlets\Shopfloor\isCurrentDefect.cs
INFO: NOT Removing file: C:\Program Files (x86)\Camstar\Camstar Portal\App_Code\WebPortlets\Shopfloor\isDefect.cs
INFO: NOT Removing file: C:\Program Files (x86)\Camstar\Camstar Portal\App_Code\Helpers\isDocumentService.cs
INFO: Installing workspace: Batch Processing
INFO: NOT Removing file: C:\Program Files (x86)\Camstar\Industry Solutions\Industry\Camstar Portal\App_Code\Helpers\isDocumentService.cs
INFO: NOT Removing file: C:\Program Files (x86)\Camstar\Industry Solutions\Industry\Camstar Portal\App_Code\Modeling\isImageMaint.cs
INFO: NOT Removing file: C:\Program Files (x86)\Camstar\Industry Solutions\Industry\Camstar Portal\App_Code\Modeling\isAttachImageHelper.cs
INFO: NOT Removing file: C:\Program Files (x86)\Camstar\Industry Solutions\Industry\Camstar Portal\App_Code\Shopfloor\isCurrentDefect.cs
INFO: NOT Removing file: C:\Program Files (x86)\Camstar\Industry Solutions\Industry\Camstar Portal\App_Code\Shopfloor\isDefect.cs
INFO: Copy file: C:\Program Files (x86)\Camstar\Industry Solutions\Industry\Plugins\isCustomProcPlugins.dll to C:\Program Files (x86)\Camstar\InSite Server\Plugins
CIO_OutboundMessageDefVP2
CIO_Settings_VP
CIO_TemplateVP
CIO_ListProcessorVP
CIO_UserQueryVP
CIO_QueryPortalPageMaintVP
CIO_OutboundConnectionVP
INFO: Move Portal Data files
INFO: Update Database
INFO: Generate WCF Services
INFO: HostName: localhost, DB Name: exsm, Port: 1433, PortSource:
INFO: Running C:\Program Files (x86)\Camstar\Industry Solutions\CIO\Scripts\Mssql\CIOUpdateRoles.sql
INFO: HostName: localhost, DB Name: exsm, Port: 1433, PortSource:
INFO: Running C:\Program Files (x86)\Camstar\Industry Solutions\CIO\Scripts\Mssql\CIOUpdateRoles.sql
INFO: Running C:\Program Files (x86)\Camstar\Industry Solutions\Industry\Scripts\Mssql\isFunctionsAndProcedures.sql
INFO: Running C:\Program Files (x86)\Camstar\Industry Solutions\Industry\Scripts\Mssql\isOEEPackage.sql
INFO: Running C:\Program Files (x86)\Camstar\Industry Solutions\Industry\Scripts\Mssql\isPopulateDefaultUserQuery.sql
INFO: Running C:\Program Files (x86)\Camstar\Industry Solutions\Industry\Scripts\Mssql\isPopulatePortalMenuUpdateData.sql
INFO: Running C:\Program Files (x86)\Camstar\Industry Solutions\Industry\Scripts\Mssql\isResourcesResolvedCalendar.sql
INFO: Running C:\Program Files (x86)\Camstar\Industry Solutions\Industry\Scripts\Mssql\is_OEECalculation.sql
INFO: HostName: localhost, DB Name: exsm, Port: 1433, PortSource:
INFO: Running C:\Program Files (x86)\Camstar\Industry Solutions\CIO\Scripts\Mssql\CIOUpdateRoles.sql
INFO: Running C:\Program Files (x86)\Camstar\Industry Solutions\Industry\Scripts\Mssql\isFunctionsAndProcedures.sql
INFO: Running C:\Program Files (x86)\Camstar\Industry Solutions\Industry\Scripts\Mssql\isOEEPackage.sql
INFO: Running C:\Program Files (x86)\Camstar\Industry Solutions\Industry\Scripts\Mssql\isPopulateDefaultUserQuery.sql
INFO: Running C:\Program Files (x86)\Camstar\Industry Solutions\Industry\Scripts\Mssql\isPopulatePortalMenuUpdateData.sql
INFO: Running C:\Program Files (x86)\Camstar\Industry Solutions\Industry\Scripts\Mssql\isResourcesResolvedCalendar.sql
INFO: Running C:\Program Files (x86)\Camstar\Industry Solutions\Industry\Scripts\Mssql\is_OEECalculation.sql
INFO: Running C:\Program Files (x86)\Camstar\Industry Solutions\Batch Processing\Scripts\Mssql\bpPopulatePortalMenuUpdateData.sql
**********************
Windows PowerShell transcript end
End time: 20260430124738
**********************
